Microchip MPLAB XC8 Compiler V2.35

Linker command line:

-W-3 --edf=C:\Program Files\Microchip\xc8\v2.35\pic\dat\en_msgs.txt -cn \
  -h+dist/default/production\WCSA_SDP_2022.X.production.sym \
  --cmf=dist/default/production\WCSA_SDP_2022.X.production.cmf -z \
  -Q16F18345 -oC:\Users\Jack\AppData\Local\Temp\xcAslbk.4 \
  --defsym=__MPLAB_BUILD=1 \
  -Mdist/default/production/WCSA_SDP_2022.X.production.map \
  --md=C:\Users\Jack\AppData\Local\Temp\xcAslbk.dat -E1 -ver=XC8 Compiler \
  --acfsm=1493 -ACODE=00h-07FFhx4 -ASTRCODE=00h-01FFFh -ASTRING=00h-0FFhx32 \
  -ACONST=00h-0FFhx32 -AENTRY=00h-0FFhx32 -ACOMMON=070h-07Fh \
  -ABANK0=020h-06Fh -ABANK1=0A0h-0EFh -ABANK2=0120h-016Fh \
  -ABANK3=01A0h-01EFh -ABANK4=0220h-026Fh -ABANK5=02A0h-02EFh \
  -ABANK6=0320h-036Fh -ABANK7=03A0h-03EFh -ABANK8=0420h-046Fh \
  -ABANK9=04A0h-04EFh -ABANK10=0520h-056Fh -ABANK11=05A0h-05EFh \
  -ABANK12=0620h-064Fh -ABIGRAM=02000h-023EFh \
  -ARAM=020h-06Fh,0A0h-0EFh,0120h-016Fh,01A0h-01EFh,0220h-026Fh,02A0h-02EFh,0320h-036Fh,03A0h-03EFh,0420h-046Fh,04A0h-04EFh,0520h-056Fh,05A0h-05EFh,0620h-064Fh \
  -AABS1=020h-07Fh,0A0h-0EFh,0120h-016Fh,01A0h-01EFh,0220h-026Fh,02A0h-02EFh,0320h-036Fh,03A0h-03EFh,0420h-046Fh,04A0h-04EFh,0520h-056Fh,05A0h-05EFh,0620h-064Fh \
  -ASFR0=00h-01Fh -ASFR1=080h-09Fh -ASFR2=0100h-011Fh -ASFR3=0180h-019Fh \
  -ASFR4=0200h-021Fh -ASFR5=0280h-029Fh -ASFR6=0300h-031Fh \
  -ASFR7=0380h-039Fh -ASFR8=0400h-041Fh -ASFR9=0480h-049Fh \
  -ASFR10=0500h-051Fh -ASFR11=0580h-059Fh -ASFR12=0600h-061Fh \
  -ASFR13=0680h-06EFh -ASFR14=0700h-076Fh -ASFR15=0780h-07EFh \
  -ASFR16=0800h-086Fh -ASFR17=0880h-08EFh -ASFR18=0900h-096Fh \
  -ASFR19=0980h-09EFh -ASFR20=0A00h-0A6Fh -ASFR21=0A80h-0AEFh \
  -ASFR22=0B00h-0B6Fh -ASFR23=0B80h-0BEFh -ASFR24=0C00h-0C6Fh \
  -ASFR25=0C80h-0CEFh -ASFR26=0D00h-0D6Fh -ASFR27=0D80h-0DEFh \
  -ASFR28=0E00h-0E6Fh -ASFR29=0E80h-0EEFh -ASFR30=0F00h-0F6Fh \
  -ASFR31=0F80h-0FEFh -ACONFIG=08007h-0800Ah -DCONFIG=2 \
  -AIDLOC=08000h-08003h -DIDLOC=2 -AEEDATA=00h-0FFh/0F000h \
  -peeprom_data=EEDATA -DEEDATA=2 -DCODE=2 -DSTRCODE=2 -DSTRING=2 -DCONST=2 \
  -DENTRY=2 -preset_vec=00h,intentry=04h,init,end_init -ppowerup=CODE \
  -pcinit=CODE -pfunctab=ENTRY -k \
  C:\Users\Jack\AppData\Local\Temp\xcAslbk.o \
  dist/default/production\WCSA_SDP_2022.X.production.o 

Object code version is 3.11

Machine type is 16F18345



                Name                               Link     Load   Length Selector   Space Scale
C:\Users\Jack\AppData\Local\Temp\xcAslbk.o
                end_init                             74       74        2        8       0
                reset_vec                             0        0        2        0       0
                config                             8007     8007        4        0       4
                idloc                              8000     8000        4        0       5
dist/default/production\WCSA_SDP_2022.X.production.o
                cinit                                76       76       17        8       0
                intentry                              4        4       70        8       0
                config                             8007     8007        4        0       4
                idloc                              8000     8000        4        0       5
                text67                              7FD      7FD        3        8       0
                text66                              45B      45B       97        8       0
                text65                              ED5      ED5       3A     1DAA       0
                text64                              C97      C97       16     192E       0
                text63                              F0F      F0F       3A     1E1E       0
                text62                              CAD      CAD       16     195A       0
                text61                                2        2        1        0       0
                text60                              CC3      CC3       16     1986       0
                text59                              D51      D51       1B     1AA2       0
                text58                              B88      B88        4     1710       0
                text57                                3        3        1        6       0
                text56                              B8C      B8C        4     1718       0
                text55                              F83      F83       3D     1F06       0
                text54                              DC2      DC2       22     1B84       0
                text53                              C14      C14        A     1828       0
                text52                              C1E      C1E        A     183C       0
                text51                              B9E      B9E        7     173C       0
                text50                              CD9      CD9       17     19B2       0
                text49                              C4B      C4B       11     1896       0
                text48                              C28      C28        B     1850       0
                text46                              C5C      C5C       11     18B8       0
                text45                              BBA      BBA        9     1774       0
                text44                              C6D      C6D       15     18DA       0
                text43                              B90      B90        4     1720       0
                text42                              BC3      BC3        9     1786       0
                text41                              CF0      CF0       18     19E0       0
                text40                              BCC      BCC        9     1798       0
                text39                              D38      D38       19     1A70       0
                text38                              BA5      BA5        7     174A       0
                text37                              669      669       5B        8       0
                text36                              E6B      E6B       34     1CD6       0
                text35                              FC0      FC0       40     1F80       0
                text34                              2FA      2FA       BB        8       0
                text33                              23F      23F       BB        8       0
                text32                              576      576       82        8       0
                text31                              BAC      BAC        7     1758       0
                text30                              D87      D87       1C     1B0E       0
                text29                              71D      71D       57        8       0
                text28                              BD5      BD5        9     17AA       0
                text27                              D08      D08       18     1A10       0
                text26                              BDE      BDE        9     17BC       0
                text25                              D20      D20       18     1A40       0
                text24                              BE7      BE7        9     17CE       0
                text23                              BF0      BF0        9     17E0       0
                text22                              BF9      BF9        9     17F2       0
                text21                              C02      C02        9     1804       0
                text20                              C0B      C0B        9     1816       0
                text19                              774      774       46        8       0
                text18                              C33      C33        C     1866       0
                text17                              E9F      E9F       36     1D3E       0
                text16                              C3F      C3F        C     187E       0
                text15                              B94      B94        4     1728       0
                text14                              DA3      DA3       1F     1B46       0
                text13                              F49      F49       3A     1E92       0
                text12                              4F2      4F2       84        8       0
                text11                              5F8      5F8       71        8       0
                text10                              E0D      E0D       2D     1C1A       0
                text9                               BB3      BB3        7     1766       0
                text8                               7BA      7BA       43        8       0
                text7                               DE4      DE4       29     1BC8       0
                text6                               D6C      D6C       1B     1AD8       0
                text5                               6C4      6C4       59        8       0
                text4                                8D       8D       EF        8       0
                text3                               17C      17C       C3        8       0
                text2                               E3A      E3A       31     1C74       0
                text1                               C82      C82       15     1904       0
                maintext                            3B5      3B5       A6        8       0
                cstackBANK0                          20       20       50       20       1
                cstackCOMMON                         70       70        B       70       1
                cstackBANK1                          DF       DF        E       A0       1
                clrtext                             B98      B98        6     1730       0
                bssBANK2                            120      120       44      120       1
                bssBANK1                             A0       A0       3F       A0       1
                bssCOMMON                            7B       7B        3       70       1
                stringtext1                        1000     1000       10     2000       0

TOTAL           Name                               Link     Load   Length     Space
        CLASS   CODE           
                end_init                             74       74        2         0
                cinit                                76       76       17         0
                intentry                              4        4       70         0
                reset_vec                             0        0        2         0
                text67                              7FD      7FD        3         0
                text66                              45B      45B       97         0
                text65                              ED5      ED5       3A         0
                text64                              C97      C97       16         0
                text63                              F0F      F0F       3A         0
                text62                              CAD      CAD       16         0
                text61                                2        2        1         0
                text60                              CC3      CC3       16         0
                text59                              D51      D51       1B         0
                text58                              B88      B88        4         0
                text57                                3        3        1         0
                text56                              B8C      B8C        4         0
                text55                              F83      F83       3D         0
                text54                              DC2      DC2       22         0
                text53                              C14      C14        A         0
                text52                              C1E      C1E        A         0
                text51                              B9E      B9E        7         0
                text50                              CD9      CD9       17         0
                text49                              C4B      C4B       11         0
                text48                              C28      C28        B         0
                text46                              C5C      C5C       11         0
                text45                              BBA      BBA        9         0
                text44                              C6D      C6D       15         0
                text43                              B90      B90        4         0
                text42                              BC3      BC3        9         0
                text41                              CF0      CF0       18         0
                text40                              BCC      BCC        9         0
                text39                              D38      D38       19         0
                text38                              BA5      BA5        7         0
                text37                              669      669       5B         0
                text36                              E6B      E6B       34         0
                text35                              FC0      FC0       40         0
                text34                              2FA      2FA       BB         0
                text33                              23F      23F       BB         0
                text32                              576      576       82         0
                text31                              BAC      BAC        7         0
                text30                              D87      D87       1C         0
                text29                              71D      71D       57         0
                text28                              BD5      BD5        9         0
                text27                              D08      D08       18         0
                text26                              BDE      BDE        9         0
                text25                              D20      D20       18         0
                text24                              BE7      BE7        9         0
                text23                              BF0      BF0        9         0
                text22                              BF9      BF9        9         0
                text21                              C02      C02        9         0
                text20                              C0B      C0B        9         0
                text19                              774      774       46         0
                text18                              C33      C33        C         0
                text17                              E9F      E9F       36         0
                text16                              C3F      C3F        C         0
                text15                              B94      B94        4         0
                text14                              DA3      DA3       1F         0
                text13                              F49      F49       3A         0
                text12                              4F2      4F2       84         0
                text11                              5F8      5F8       71         0
                text10                              E0D      E0D       2D         0
                text9                               BB3      BB3        7         0
                text8                               7BA      7BA       43         0
                text7                               DE4      DE4       29         0
                text6                               D6C      D6C       1B         0
                text5                               6C4      6C4       59         0
                text4                                8D       8D       EF         0
                text3                               17C      17C       C3         0
                text2                               E3A      E3A       31         0
                text1                               C82      C82       15         0
                maintext                            3B5      3B5       A6         0
                clrtext                             B98      B98        6         0

        CLASS   STRCODE        
                stringtext1                        1000     1000       10         0

        CLASS   STRING         

        CLASS   CONST          

        CLASS   ENTRY          

        CLASS   COMMON         
                cstackCOMMON                         70       70        B         1
                bssCOMMON                            7B       7B        3         1

        CLASS   BANK0          
                cstackBANK0                          20       20       50         1

        CLASS   BANK1          
                cstackBANK1                          DF       DF        E         1
                bssBANK1                             A0       A0       3F         1

        CLASS   BANK2          
                bssBANK2                            120      120       44         1

        CLASS   BANK3          

        CLASS   BANK4          

        CLASS   BANK5          

        CLASS   BANK6          

        CLASS   BANK7          

        CLASS   BANK8          

        CLASS   BANK9          

        CLASS   BANK10         

        CLASS   BANK11         

        CLASS   BANK12         

        CLASS   BIGRAM         

        CLASS   RAM            

        CLASS   ABS1           
                abs_s1                               7E       7E        2         1

        CLASS   SFR0           

        CLASS   SFR1           

        CLASS   SFR2           

        CLASS   SFR3           

        CLASS   SFR4           

        CLASS   SFR5           

        CLASS   SFR6           

        CLASS   SFR7           

        CLASS   SFR8           

        CLASS   SFR9           

        CLASS   SFR10          

        CLASS   SFR11          

        CLASS   SFR12          

        CLASS   SFR13          

        CLASS   SFR14          

        CLASS   SFR15          

        CLASS   SFR16          

        CLASS   SFR17          

        CLASS   SFR18          

        CLASS   SFR19          

        CLASS   SFR20          

        CLASS   SFR21          

        CLASS   SFR22          

        CLASS   SFR23          

        CLASS   SFR24          

        CLASS   SFR25          

        CLASS   SFR26          

        CLASS   SFR27          

        CLASS   SFR28          

        CLASS   SFR29          

        CLASS   SFR30          

        CLASS   SFR31          

        CLASS   CONFIG         
                config                             8007     8007        4         4

        CLASS   IDLOC          
                idloc                              8000     8000        4         5

        CLASS   EEDATA         

        CLASS   BANK31         

        CLASS   BANK30         

        CLASS   BANK29         

        CLASS   BANK28         

        CLASS   BANK27         

        CLASS   BANK26         

        CLASS   BANK25         

        CLASS   BANK24         

        CLASS   BANK23         

        CLASS   BANK22         

        CLASS   BANK21         

        CLASS   BANK20         

        CLASS   BANK19         

        CLASS   BANK18         

        CLASS   BANK17         

        CLASS   BANK16         

        CLASS   BANK15         

        CLASS   BANK14         

        CLASS   BANK13         

        CLASS   HEAP           

        CLASS   STACK          



SEGMENTS        Name                           Load    Length   Top    Selector   Space  Class     Delta

                reset_vec                      000000  000003  000003         0       0  CODE        2
                text57                         000003  000001  000004         6       0  CODE        2
                intentry                       000004  0007FC  000800         8       0  CODE        2
                cstackBANK0                    000020  000050  000070        20       1  BANK0       1
                cstackCOMMON                   000070  00000E  00007E        70       1  COMMON      1
                bssBANK1                       0000A0  00004D  0000ED        A0       1  BANK1       1
                bssBANK2                       000120  000044  000164       120       1  BANK2       1
                text58                         000B88  000004  000B8C      1710       0  CODE        2
                text56                         000B8C  000004  000B90      1718       0  CODE        2
                text43                         000B90  000004  000B94      1720       0  CODE        2
                text15                         000B94  000004  000B98      1728       0  CODE        2
                clrtext                        000B98  000006  000B9E      1730       0  CODE        2
                text51                         000B9E  000007  000BA5      173C       0  CODE        2
                text38                         000BA5  000007  000BAC      174A       0  CODE        2
                text31                         000BAC  000007  000BB3      1758       0  CODE        2
                text9                          000BB3  000007  000BBA      1766       0  CODE        2
                text45                         000BBA  000009  000BC3      1774       0  CODE        2
                text42                         000BC3  000009  000BCC      1786       0  CODE        2
                text40                         000BCC  000009  000BD5      1798       0  CODE        2
                text28                         000BD5  000009  000BDE      17AA       0  CODE        2
                text26                         000BDE  000009  000BE7      17BC       0  CODE        2
                text24                         000BE7  000009  000BF0      17CE       0  CODE        2
                text23                         000BF0  000009  000BF9      17E0       0  CODE        2
                text22                         000BF9  000009  000C02      17F2       0  CODE        2
                text21                         000C02  000009  000C0B      1804       0  CODE        2
                text20                         000C0B  000009  000C14      1816       0  CODE        2
                text53                         000C14  00000A  000C1E      1828       0  CODE        2
                text52                         000C1E  00000A  000C28      183C       0  CODE        2
                text48                         000C28  00000B  000C33      1850       0  CODE        2
                text18                         000C33  00000C  000C3F      1866       0  CODE        2
                text16                         000C3F  00000C  000C4B      187E       0  CODE        2
                text49                         000C4B  000011  000C5C      1896       0  CODE        2
                text46                         000C5C  000011  000C6D      18B8       0  CODE        2
                text44                         000C6D  000015  000C82      18DA       0  CODE        2
                text1                          000C82  000015  000C97      1904       0  CODE        2
                text64                         000C97  000016  000CAD      192E       0  CODE        2
                text62                         000CAD  000016  000CC3      195A       0  CODE        2
                text60                         000CC3  000016  000CD9      1986       0  CODE        2
                text50                         000CD9  000017  000CF0      19B2       0  CODE        2
                text41                         000CF0  000018  000D08      19E0       0  CODE        2
                text27                         000D08  000018  000D20      1A10       0  CODE        2
                text25                         000D20  000018  000D38      1A40       0  CODE        2
                text39                         000D38  000019  000D51      1A70       0  CODE        2
                text59                         000D51  00001B  000D6C      1AA2       0  CODE        2
                text6                          000D6C  00001B  000D87      1AD8       0  CODE        2
                text30                         000D87  00001C  000DA3      1B0E       0  CODE        2
                text14                         000DA3  00001F  000DC2      1B46       0  CODE        2
                text54                         000DC2  000022  000DE4      1B84       0  CODE        2
                text7                          000DE4  000029  000E0D      1BC8       0  CODE        2
                text10                         000E0D  00002D  000E3A      1C1A       0  CODE        2
                text2                          000E3A  000031  000E6B      1C74       0  CODE        2
                text36                         000E6B  000034  000E9F      1CD6       0  CODE        2
                text17                         000E9F  000036  000ED5      1D3E       0  CODE        2
                text65                         000ED5  00003A  000F0F      1DAA       0  CODE        2
                text63                         000F0F  00003A  000F49      1E1E       0  CODE        2
                text13                         000F49  00003A  000F83      1E92       0  CODE        2
                text55                         000F83  00003D  000FC0      1F06       0  CODE        2
                text35                         000FC0  000040  001000      1F80       0  CODE        2
                stringtext1                    001000  000010  001010      2000       0  STRCODE     2


UNUSED ADDRESS RANGES

        Name                Unused          Largest block    Delta
        BANK1            000ED-000EF               3           1
        BANK10           00520-0056F              50           1
        BANK11           005A0-005EF              50           1
        BANK12           00620-0064F              30           1
        BANK2            00164-0016F               C           1
        BANK3            001A0-001EF              50           1
        BANK4            00220-0026F              50           1
        BANK5            002A0-002EF              50           1
        BANK6            00320-0036F              50           1
        BANK7            003A0-003EF              50           1
        BANK8            00420-0046F              50           1
        BANK9            004A0-004EF              50           1
        BIGRAM           02000-023EF             3F0           1
        CODE             00800-00B87             388           2
                         01010-01FFF             7F0
        CONST            00800-00B87             100           2
                         01010-01FFF             100
        EEDATA           0F000-0F0FF             100           2
        ENTRY            00800-00B87             100           2
                         01010-01FFF             100
        RAM              000ED-000EF               3           1
                         00164-0016F               C
                         001A0-001EF              50
                         00220-0026F              50
                         002A0-002EF              50
                         00320-0036F              50
                         003A0-003EF              50
                         00420-0046F              50
                         004A0-004EF              50
                         00520-0056F              50
                         005A0-005EF              50
                         00620-0064F              30
        SFR0             00000-0001F              20           1
        SFR1             00080-0009F              20           1
        SFR10            00500-0051F              20           1
        SFR11            00580-0059F              20           1
        SFR12            00600-0061F              20           1
        SFR13            00680-006EF              70           1
        SFR14            00700-0076F              70           1
        SFR15            00780-007EF              70           1
        SFR16            00800-0086F              70           1
        SFR17            00880-008EF              70           1
        SFR18            00900-0096F              70           1
        SFR19            00980-009EF              70           1
        SFR2             00100-0011F              20           1
        SFR20            00A00-00A6F              70           1
        SFR21            00A80-00AEF              70           1
        SFR22            00B00-00B6F              70           1
        SFR23            00B80-00BEF              70           1
        SFR24            00C00-00C6F              70           1
        SFR25            00C80-00CEF              70           1
        SFR26            00D00-00D6F              70           1
        SFR27            00D80-00DEF              70           1
        SFR28            00E00-00E6F              70           1
        SFR29            00E80-00EEF              70           1
        SFR3             00180-0019F              20           1
        SFR30            00F00-00F6F              70           1
        SFR31            00F80-00FEF              70           1
        SFR4             00200-0021F              20           1
        SFR5             00280-0029F              20           1
        SFR6             00300-0031F              20           1
        SFR7             00380-0039F              20           1
        SFR8             00400-0041F              20           1
        SFR9             00480-0049F              20           1
        STRCODE          00800-00B87             388           2
                         01010-01FFF             FF0
        STRING           00800-00B87             100           2
                         01010-01FFF             100

                                  Symbol Table

?_FR_Timer_GetMicros                           cstackBANK0  00022
?_FR_Timer_GetMillis                           cstackBANK0  00020
?_JSN_Sensor_GetDistance                       cstackBANK0  0003A
?___lldiv                                      cstackBANK0  0002C
?___lmul                                       cstackBANK0  00020
?___lodiv                                      cstackBANK0  00020
?___lomod                                      cstackBANK0  00020
?_pad                                          cstackBANK0  00033
?_printf                                       cstackBANK0  0006C
?_strlen                                       cstackBANK0  00020
?_utoa                                         cstackBANK0  0003C
?_vfpfcnvrt                                    cstackBANK0  00054
?_vfprintf                                     cstackBANK0  00064
CCP1_CaptureISR@module                         cstackCOMMON 00079
CCP1_DefaultCallBack@capturedValue             cstackCOMMON 00073
CCP1_SetCallBack@customCallBack                cstackBANK0  00020
CCP2_CaptureISR@module                         cstackCOMMON 00079
CCP2_DefaultCallBack@capturedValue             cstackCOMMON 00073
CCP2_SetCallBack@customCallBack                cstackBANK0  00020
CCP3_CaptureISR@module                         cstackCOMMON 00073
CCP3_DefaultCallBack@capturedValue             cstackCOMMON 00070
CCP3_SetCallBack@customCallBack                cstackBANK0  00020
EUSART_SetErrorHandler@interruptHandler        cstackBANK0  00020
EUSART_SetFramingErrorHandler@interruptHandler cstackBANK0  00020
EUSART_SetOverrunErrorHandler@interruptHandler cstackBANK0  00020
EUSART_SetRxInterruptHandler@interruptHandler  cstackBANK0  00020
EUSART_SetTxInterruptHandler@interruptHandler  cstackBANK0  00020
EUSART_Write@txData                            cstackBANK0  00021
JSN_Sensor_GetDistance@Sensor                  cstackBANK0  0003E
JSN_Sensor_Init@Sensor                         cstackBANK0  00028
JSN_Sensor_Init@echoPin                        cstackBANK0  00025
JSN_Sensor_Init@trigPin                        cstackBANK0  00024
JSN_Sensor_Trig@Sensor                         cstackBANK0  0002A
ReadPin@pin                                    cstackCOMMON 00072
SetPin@io                                      cstackBANK0  00020
SetPin@pin                                     cstackBANK0  00023
TMR0_ISR@CountCallBack                         bssBANK1     000D0
TMR0_ReadTimer@readVal                         cstackBANK0  00021
TMR0_SetInterruptHandler@InterruptHandler      cstackBANK0  00020
TMR1_SetInterruptHandler@InterruptHandler      cstackBANK0  00020
TMR1_WriteTimer@timerVal                       cstackCOMMON 00070
WritePin@pin                                   cstackBANK0  00023
WritePin@val                                   cstackBANK0  00020
_ANSELA                                        (abs)        0018C
_ANSELB                                        (abs)        0018D
_ANSELC                                        (abs)        0018E
_BAUD1CON                                      (abs)        0019F
_CCP1CAP                                       (abs)        00294
_CCP1CON                                       (abs)        00293
_CCP1PPS                                       (abs)        00E14
_CCP1_CallBack                                 bssBANK1     000CE
_CCP1_CaptureISR                               text64       00C97
_CCP1_DefaultCallBack                          text65       00ED5
_CCP1_Initialize                               text41       00CF0
_CCP1_SetCallBack                              text42       00BC3
_CCP2CAP                                       (abs)        00298
_CCP2CON                                       (abs)        00297
_CCP2PPS                                       (abs)        00E15
_CCP2_CallBack                                 bssBANK1     000C8
_CCP2_CaptureISR                               text62       00CAD
_CCP2_DefaultCallBack                          text63       00F0F
_CCP2_Initialize                               text27       00D08
_CCP2_SetCallBack                              text28       00BD5
_CCP3CAP                                       (abs)        00314
_CCP3CON                                       (abs)        00313
_CCP3PPS                                       (abs)        00E16
_CCP3_CallBack                                 bssBANK1     000C2
_CCP3_CaptureISR                               text60       00CC3
_CCP3_DefaultCallBack                          text61       00002
_CCP3_Initialize                               text25       00D20
_CCP3_SetCallBack                              text26       00BDE
_CCPR1H                                        (abs)        00292
_CCPR1L                                        (abs)        00291
_CCPR2H                                        (abs)        00296
_CCPR2L                                        (abs)        00295
_CCPR3H                                        (abs)        00312
_CCPR3L                                        (abs)        00311
_CCPTMRSbits                                   (abs)        0029F
_EUSART_DefaultErrorHandler                    text58       00B88
_EUSART_DefaultFramingErrorHandler             text57       00003
_EUSART_DefaultOverrunErrorHandler             text56       00B8C
_EUSART_ErrorHandler                           bssBANK1     000B4
_EUSART_FramingErrorHandler                    bssBANK1     000B8
_EUSART_Initialize                             text19       00774
_EUSART_OverrunErrorHandler                    bssBANK1     000B6
_EUSART_Receive_ISR                            text55       00F83
_EUSART_RxDataHandler                          text59       00D51
_EUSART_RxDefaultInterruptHandler              bssBANK1     000BA
_EUSART_SetErrorHandler                        text24       00BE7
_EUSART_SetFramingErrorHandler                 text23       00BF0
_EUSART_SetOverrunErrorHandler                 text22       00BF9
_EUSART_SetRxInterruptHandler                  text21       00C02
_EUSART_SetTxInterruptHandler                  text20       00C0B
_EUSART_Transmit_ISR                           text54       00DC2
_EUSART_TxDefaultInterruptHandler              bssBANK1     000BC
_EUSART_Write                                  text10       00E0D
_FR_Timer_GetMicros                            text30       00D87
_FR_Timer_GetMillis                            text46       00C5C
_FR_Timer_IncMicros                            text53       00C14
_FR_Timer_IncMillis                            text52       00C1E
_FR_Timer_Init                                 text43       00B90
_INLVLA                                        (abs)        0038C
_INLVLB                                        (abs)        0038D
_INLVLC                                        (abs)        0038E
_INTCONbits                                    (abs)        0000B
_INTERRUPT_InterruptManager                    intentry     00004
_JSN_GetLastTrig                               text67       007FD
_JSN_Library_Init                              text38       00BA5
_JSN_Sensor_GetDistance                        text35       00FC0
_JSN_Sensor_Init                               text32       00576
_JSN_Sensor_Trig                               text29       0071D
_LATA                                          (abs)        0010C
_LATAbits                                      (abs)        0010C
_LATB                                          (abs)        0010D
_LATBbits                                      (abs)        0010D
_LATC                                          (abs)        0010E
_LATCbits                                      (abs)        0010E
_ODCONA                                        (abs)        0028C
_ODCONB                                        (abs)        0028D
_ODCONC                                        (abs)        0028E
_OSCCON1                                       (abs)        00919
_OSCCON3                                       (abs)        0091B
_OSCEN                                         (abs)        0091D
_OSCFRQ                                        (abs)        0091F
_OSCILLATOR_Initialize                         text18       00C33
_OSCTUNE                                       (abs)        0091E
_PIC16_Init                                    text13       00F49
_PIE0                                          (abs)        00090
_PIE0bits                                      (abs)        00090
_PIE1                                          (abs)        00091
_PIE1bits                                      (abs)        00091
_PIE2                                          (abs)        00092
_PIE3                                          (abs)        00093
_PIE4                                          (abs)        00094
_PIE4bits                                      (abs)        00094
_PIN_MANAGER_Initialize                        text17       00E9F
_PIR0                                          (abs)        00010
_PIR0bits                                      (abs)        00010
_PIR1                                          (abs)        00011
_PIR1bits                                      (abs)        00011
_PIR2                                          (abs)        00012
_PIR3                                          (abs)        00013
_PIR4                                          (abs)        00014
_PIR4bits                                      (abs)        00014
_PLLR                                          (abs)        048E0
_PMD0                                          (abs)        00911
_PMD1                                          (abs)        00912
_PMD2                                          (abs)        00913
_PMD3                                          (abs)        00914
_PMD4                                          (abs)        00915
_PMD5                                          (abs)        00916
_PMD_Initialize                                text16       00C3F
_PORTAbits                                     (abs)        0000C
_PORTBbits                                     (abs)        0000D
_PORTCbits                                     (abs)        0000E
_RC1REG                                        (abs)        00199
_RC1STA                                        (abs)        0019D
_RC1STAbits                                    (abs)        0019D
_RC4PPS                                        (abs)        00EA4
_RXPPS                                         (abs)        00E24
_ReadPin                                       text66       0045B
_SLRCONA                                       (abs)        0030C
_SLRCONB                                       (abs)        0030D
_SLRCONC                                       (abs)        0030E
_SP1BRGH                                       (abs)        0019C
_SP1BRGL                                       (abs)        0019B
_SYSTEM_Initialize                             text14       00DA3
_Sens1                                         bssBANK1     000D9
_SetPin                                        text34       002FA
_T0CON0                                        (abs)        00017
_T0CON0bits                                    (abs)        00017
_T0CON1                                        (abs)        00018
_T1CON                                         (abs)        0001B
_T1CONbits                                     (abs)        0001B
_T1GCON                                        (abs)        0001C
_T1GCONbits                                    (abs)        0001C
_TMR0H                                         (abs)        00016
_TMR0L                                         (abs)        00015
_TMR0_CallBack                                 text51       00B9E
_TMR0_DefaultInterruptHandler                  (abs)        00000
_TMR0_ISR                                      text50       00CD9
_TMR0_Initialize                               text44       00C6D
_TMR0_InterruptHandler                         bssBANK1     000D2
_TMR0_ReadTimer                                text31       00BAC
_TMR0_SetInterruptHandler                      text45       00BBA
_TMR1H                                         (abs)        0001A
_TMR1L                                         (abs)        00019
_TMR1_DefaultInterruptHandler                  (abs)        00000
_TMR1_ISR                                      text48       00C28
_TMR1_Initialize                               text39       00D38
_TMR1_InterruptHandler                         bssBANK1     000BE
_TMR1_SetInterruptHandler                      text40       00BCC
_TMR1_WriteTimer                               text49       00C4B
_TRISA                                         (abs)        0008C
_TRISAbits                                     (abs)        0008C
_TRISB                                         (abs)        0008D
_TRISBbits                                     (abs)        0008D
_TRISC                                         (abs)        0008E
_TRISCbits                                     (abs)        0008E
_TX1REG                                        (abs)        0019A
_TX1STA                                        (abs)        0019E
_TX1STAbits                                    (abs)        0019E
_WDTCON                                        (abs)        00097
_WDT_Initialize                                text15       00B94
_WPUA                                          (abs)        0020C
_WPUB                                          (abs)        0020D
_WPUC                                          (abs)        0020E
_WritePin                                      text33       0023F
__Habs1                                        abs1         00000
__Hbank0                                       bank0        00000
__Hbank1                                       bank1        00000
__Hbank10                                      bank10       00000
__Hbank11                                      bank11       00000
__Hbank12                                      bank12       00000
__Hbank13                                      bank13       00000
__Hbank14                                      bank14       00000
__Hbank15                                      bank15       00000
__Hbank16                                      bank16       00000
__Hbank17                                      bank17       00000
__Hbank18                                      bank18       00000
__Hbank19                                      bank19       00000
__Hbank2                                       bank2        00000
__Hbank20                                      bank20       00000
__Hbank21                                      bank21       00000
__Hbank22                                      bank22       00000
__Hbank23                                      bank23       00000
__Hbank24                                      bank24       00000
__Hbank25                                      bank25       00000
__Hbank26                                      bank26       00000
__Hbank27                                      bank27       00000
__Hbank28                                      bank28       00000
__Hbank29                                      bank29       00000
__Hbank3                                       bank3        00000
__Hbank30                                      bank30       00000
__Hbank31                                      bank31       00000
__Hbank4                                       bank4        00000
__Hbank5                                       bank5        00000
__Hbank6                                       bank6        00000
__Hbank7                                       bank7        00000
__Hbank8                                       bank8        00000
__Hbank9                                       bank9        00000
__Hbigram                                      bigram       00000
__HbssBANK1                                    bssBANK1     00000
__HbssBANK2                                    bssBANK2     00000
__HbssCOMMON                                   bssCOMMON    00000
__Hcinit                                       cinit        0008D
__Hclrtext                                     clrtext      00000
__Hcode                                        code         00000
__Hcommon                                      common       00000
__Hconfig                                      config       0800B
__HcstackBANK0                                 cstackBANK0  00000
__HcstackBANK1                                 cstackBANK1  00000
__HcstackCOMMON                                cstackCOMMON 00000
__Heeprom_data                                 eeprom_data  00000
__Hend_init                                    end_init     00076
__Hfunctab                                     functab      00000
__Hheap                                        heap         00000
__Hidloc                                       idloc        08004
__Hinit                                        init         00074
__Hintentry                                    intentry     00074
__Hmaintext                                    maintext     00000
__Hpowerup                                     powerup      00000
__Hram                                         ram          00000
__Hreset_vec                                   reset_vec    00002
__Hsfr0                                        sfr0         00000
__Hsfr1                                        sfr1         00000
__Hsfr10                                       sfr10        00000
__Hsfr11                                       sfr11        00000
__Hsfr12                                       sfr12        00000
__Hsfr13                                       sfr13        00000
__Hsfr14                                       sfr14        00000
__Hsfr15                                       sfr15        00000
__Hsfr16                                       sfr16        00000
__Hsfr17                                       sfr17        00000
__Hsfr18                                       sfr18        00000
__Hsfr19                                       sfr19        00000
__Hsfr2                                        sfr2         00000
__Hsfr20                                       sfr20        00000
__Hsfr21                                       sfr21        00000
__Hsfr22                                       sfr22        00000
__Hsfr23                                       sfr23        00000
__Hsfr24                                       sfr24        00000
__Hsfr25                                       sfr25        00000
__Hsfr26                                       sfr26        00000
__Hsfr27                                       sfr27        00000
__Hsfr28                                       sfr28        00000
__Hsfr29                                       sfr29        00000
__Hsfr3                                        sfr3         00000
__Hsfr30                                       sfr30        00000
__Hsfr31                                       sfr31        00000
__Hsfr4                                        sfr4         00000
__Hsfr5                                        sfr5         00000
__Hsfr6                                        sfr6         00000
__Hsfr7                                        sfr7         00000
__Hsfr8                                        sfr8         00000
__Hsfr9                                        sfr9         00000
__Hspace_0                                     (abs)        01010
__Hspace_1                                     (abs)        00164
__Hspace_2                                     (abs)        00000
__Hspace_3                                     (abs)        00000
__Hspace_4                                     (abs)        10012
__Hstack                                       stack        00000
__Hstrings                                     strings      00000
__Hstringtext1                                 stringtext1  00000
__Hstringtext2                                 stringtext2  00000
__Htext                                        text         00000
__Labs1                                        abs1         00000
__Lbank0                                       bank0        00000
__Lbank1                                       bank1        00000
__Lbank10                                      bank10       00000
__Lbank11                                      bank11       00000
__Lbank12                                      bank12       00000
__Lbank13                                      bank13       00000
__Lbank14                                      bank14       00000
__Lbank15                                      bank15       00000
__Lbank16                                      bank16       00000
__Lbank17                                      bank17       00000
__Lbank18                                      bank18       00000
__Lbank19                                      bank19       00000
__Lbank2                                       bank2        00000
__Lbank20                                      bank20       00000
__Lbank21                                      bank21       00000
__Lbank22                                      bank22       00000
__Lbank23                                      bank23       00000
__Lbank24                                      bank24       00000
__Lbank25                                      bank25       00000
__Lbank26                                      bank26       00000
__Lbank27                                      bank27       00000
__Lbank28                                      bank28       00000
__Lbank29                                      bank29       00000
__Lbank3                                       bank3        00000
__Lbank30                                      bank30       00000
__Lbank31                                      bank31       00000
__Lbank4                                       bank4        00000
__Lbank5                                       bank5        00000
__Lbank6                                       bank6        00000
__Lbank7                                       bank7        00000
__Lbank8                                       bank8        00000
__Lbank9                                       bank9        00000
__Lbigram                                      bigram       00000
__LbssBANK1                                    bssBANK1     00000
__LbssBANK2                                    bssBANK2     00000
__LbssCOMMON                                   bssCOMMON    00000
__Lcinit                                       cinit        00076
__Lclrtext                                     clrtext      00000
__Lcode                                        code         00000
__Lcommon                                      common       00000
__Lconfig                                      config       00000
__LcstackBANK0                                 cstackBANK0  00000
__LcstackBANK1                                 cstackBANK1  00000
__LcstackCOMMON                                cstackCOMMON 00000
__Leeprom_data                                 eeprom_data  00000
__Lend_init                                    end_init     00074
__Lfunctab                                     functab      00000
__Lheap                                        heap         00000
__Lidloc                                       idloc        00000
__Linit                                        init         00074
__Lintentry                                    intentry     00004
__Lmaintext                                    maintext     00000
__Lpowerup                                     powerup      00000
__Lram                                         ram          00000
__Lreset_vec                                   reset_vec    00000
__Lsfr0                                        sfr0         00000
__Lsfr1                                        sfr1         00000
__Lsfr10                                       sfr10        00000
__Lsfr11                                       sfr11        00000
__Lsfr12                                       sfr12        00000
__Lsfr13                                       sfr13        00000
__Lsfr14                                       sfr14        00000
__Lsfr15                                       sfr15        00000
__Lsfr16                                       sfr16        00000
__Lsfr17                                       sfr17        00000
__Lsfr18                                       sfr18        00000
__Lsfr19                                       sfr19        00000
__Lsfr2                                        sfr2         00000
__Lsfr20                                       sfr20        00000
__Lsfr21                                       sfr21        00000
__Lsfr22                                       sfr22        00000
__Lsfr23                                       sfr23        00000
__Lsfr24                                       sfr24        00000
__Lsfr25                                       sfr25        00000
__Lsfr26                                       sfr26        00000
__Lsfr27                                       sfr27        00000
__Lsfr28                                       sfr28        00000
__Lsfr29                                       sfr29        00000
__Lsfr3                                        sfr3         00000
__Lsfr30                                       sfr30        00000
__Lsfr31                                       sfr31        00000
__Lsfr4                                        sfr4         00000
__Lsfr5                                        sfr5         00000
__Lsfr6                                        sfr6         00000
__Lsfr7                                        sfr7         00000
__Lsfr8                                        sfr8         00000
__Lsfr9                                        sfr9         00000
__Lspace_0                                     (abs)        00000
__Lspace_1                                     (abs)        00000
__Lspace_2                                     (abs)        00000
__Lspace_3                                     (abs)        00000
__Lspace_4                                     (abs)        00000
__Lstack                                       stack        00000
__Lstrings                                     strings      00000
__Lstringtext1                                 stringtext1  00000
__Lstringtext2                                 stringtext2  00000
__Ltext                                        text         00000
__S0                                           (abs)        01010
__S1                                           (abs)        00164
__S3                                           (abs)        00000
___heap_hi                                     (abs)        00000
___heap_lo                                     (abs)        00000
___int_sp                                      stack        00000
___latbits                                     (abs)        00002
___lldiv                                       text37       00669
___lldiv@counter                               cstackBANK0  00039
___lldiv@dividend                              cstackBANK0  00030
___lldiv@divisor                               cstackBANK0  0002C
___lldiv@quotient                              cstackBANK0  00035
___lmul                                        text36       00E6B
___lmul@multiplicand                           cstackBANK0  00024
___lmul@multiplier                             cstackBANK0  00020
___lmul@product                                cstackBANK0  00028
___lodiv                                       text12       004F2
___lodiv@counter                               cstackBANK0  00039
___lodiv@dividend                              cstackBANK0  00028
___lodiv@divisor                               cstackBANK0  00020
___lodiv@quotient                              cstackBANK0  00031
___lomod                                       text11       005F8
___lomod@counter                               cstackBANK0  00031
___lomod@dividend                              cstackBANK0  00028
___lomod@divisor                               cstackBANK0  00020
___sp                                          stack        00000
___stackhi                                     (abs)        00000
___stacklo                                     (abs)        00000
__end_of_CCP1_CaptureISR                       text64       00CAD
__end_of_CCP1_DefaultCallBack                  text65       00F0F
__end_of_CCP1_Initialize                       text41       00D08
__end_of_CCP1_SetCallBack                      text42       00BCC
__end_of_CCP2_CaptureISR                       text62       00CC3
__end_of_CCP2_DefaultCallBack                  text63       00F49
__end_of_CCP2_Initialize                       text27       00D20
__end_of_CCP2_SetCallBack                      text28       00BDE
__end_of_CCP3_CaptureISR                       text60       00CD9
__end_of_CCP3_DefaultCallBack                  text61       00003
__end_of_CCP3_Initialize                       text25       00D38
__end_of_CCP3_SetCallBack                      text26       00BE7
__end_of_EUSART_DefaultErrorHandler            text58       00B8C
__end_of_EUSART_DefaultFramingErrorHandler     text57       00004
__end_of_EUSART_DefaultOverrunErrorHandler     text56       00B90
__end_of_EUSART_Initialize                     text19       007BA
__end_of_EUSART_Receive_ISR                    text55       00FC0
__end_of_EUSART_RxDataHandler                  text59       00D6C
__end_of_EUSART_SetErrorHandler                text24       00BF0
__end_of_EUSART_SetFramingErrorHandler         text23       00BF9
__end_of_EUSART_SetOverrunErrorHandler         text22       00C02
__end_of_EUSART_SetRxInterruptHandler          text21       00C0B
__end_of_EUSART_SetTxInterruptHandler          text20       00C14
__end_of_EUSART_Transmit_ISR                   text54       00DE4
__end_of_EUSART_Write                          text10       00E3A
__end_of_FR_Timer_GetMicros                    text30       00DA3
__end_of_FR_Timer_GetMillis                    text46       00C6D
__end_of_FR_Timer_IncMicros                    text53       00C1E
__end_of_FR_Timer_IncMillis                    text52       00C28
__end_of_FR_Timer_Init                         text43       00B94
__end_of_INTERRUPT_InterruptManager            intentry     00074
__end_of_JSN_GetLastTrig                       text67       00800
__end_of_JSN_Library_Init                      text38       00BAC
__end_of_JSN_Sensor_GetDistance                text35       01000
__end_of_JSN_Sensor_Init                       text32       005F8
__end_of_JSN_Sensor_Trig                       text29       00774
__end_of_OSCILLATOR_Initialize                 text18       00C3F
__end_of_PIC16_Init                            text13       00F83
__end_of_PIN_MANAGER_Initialize                text17       00ED5
__end_of_PMD_Initialize                        text16       00C4B
__end_of_ReadPin                               text66       004F2
__end_of_SYSTEM_Initialize                     text14       00DC2
__end_of_SetPin                                text34       003B5
__end_of_TMR0_CallBack                         text51       00BA5
__end_of_TMR0_ISR                              text50       00CF0
__end_of_TMR0_Initialize                       text44       00C82
__end_of_TMR0_ReadTimer                        text31       00BB3
__end_of_TMR0_SetInterruptHandler              text45       00BC3
__end_of_TMR1_ISR                              text48       00C33
__end_of_TMR1_Initialize                       text39       00D51
__end_of_TMR1_SetInterruptHandler              text40       00BD5
__end_of_TMR1_WriteTimer                       text49       00C5C
__end_of_WDT_Initialize                        text15       00B98
__end_of_WritePin                              text33       002FA
__end_of___lldiv                               text37       006C4
__end_of___lmul                                text36       00E9F
__end_of___lodiv                               text12       00576
__end_of___lomod                               text11       00669
__end_of__initialization                       cinit        00089
__end_of_fputc                                 text8        007FD
__end_of_fputs                                 text7        00E0D
__end_of_main                                  maintext     0045B
__end_of_pad                                   text5        0071D
__end_of_printf                                text1        00C97
__end_of_putch                                 text9        00BBA
__end_of_strlen                                text6        00D87
__end_of_utoa                                  text4        0017C
__end_of_vfpfcnvrt                             text3        0023F
__end_of_vfprintf                              text2        00E6B
__initialization                               cinit        00076
__pbssBANK1                                    bssBANK1     000A0
__pbssBANK2                                    bssBANK2     00120
__pbssCOMMON                                   bssCOMMON    0007B
__pcstackBANK0                                 cstackBANK0  00020
__pcstackBANK1                                 cstackBANK1  000DF
__pcstackCOMMON                                cstackCOMMON 00070
__pintentry                                    intentry     00004
__pmaintext                                    maintext     003B5
__pstringtext1                                 stringtext1  01000
__pstringtext2                                 stringtext2  00000
__ptext1                                       text1        00C82
__ptext10                                      text10       00E0D
__ptext11                                      text11       005F8
__ptext12                                      text12       004F2
__ptext13                                      text13       00F49
__ptext14                                      text14       00DA3
__ptext15                                      text15       00B94
__ptext16                                      text16       00C3F
__ptext17                                      text17       00E9F
__ptext18                                      text18       00C33
__ptext19                                      text19       00774
__ptext2                                       text2        00E3A
__ptext20                                      text20       00C0B
__ptext21                                      text21       00C02
__ptext22                                      text22       00BF9
__ptext23                                      text23       00BF0
__ptext24                                      text24       00BE7
__ptext25                                      text25       00D20
__ptext26                                      text26       00BDE
__ptext27                                      text27       00D08
__ptext28                                      text28       00BD5
__ptext29                                      text29       0071D
__ptext3                                       text3        0017C
__ptext30                                      text30       00D87
__ptext31                                      text31       00BAC
__ptext32                                      text32       00576
__ptext33                                      text33       0023F
__ptext34                                      text34       002FA
__ptext35                                      text35       00FC0
__ptext36                                      text36       00E6B
__ptext37                                      text37       00669
__ptext38                                      text38       00BA5
__ptext39                                      text39       00D38
__ptext4                                       text4        0008D
__ptext40                                      text40       00BCC
__ptext41                                      text41       00CF0
__ptext42                                      text42       00BC3
__ptext43                                      text43       00B90
__ptext44                                      text44       00C6D
__ptext45                                      text45       00BBA
__ptext46                                      text46       00C5C
__ptext48                                      text48       00C28
__ptext49                                      text49       00C4B
__ptext5                                       text5        006C4
__ptext50                                      text50       00CD9
__ptext51                                      text51       00B9E
__ptext52                                      text52       00C1E
__ptext53                                      text53       00C14
__ptext54                                      text54       00DC2
__ptext55                                      text55       00F83
__ptext56                                      text56       00B8C
__ptext57                                      text57       00003
__ptext58                                      text58       00B88
__ptext59                                      text59       00D51
__ptext6                                       text6        00D6C
__ptext60                                      text60       00CC3
__ptext61                                      text61       00002
__ptext62                                      text62       00CAD
__ptext63                                      text63       00F0F
__ptext64                                      text64       00C97
__ptext65                                      text65       00ED5
__ptext66                                      text66       0045B
__ptext67                                      text67       007FD
__ptext7                                       text7        00DE4
__ptext8                                       text8        007BA
__ptext9                                       text9        00BB3
_dbuf                                          bssBANK2     00144
_eusartRxBuffer                                bssBANK2     00128
_eusartRxCount                                 bssBANK1     000D5
_eusartRxHead                                  bssCOMMON    0007C
_eusartRxLastError                             bssBANK1     000D4
_eusartRxStatusBuffer                          bssBANK2     00120
_eusartRxTail                                  bssCOMMON    0007B
_eusartTxBuffer                                bssBANK2     00130
_eusartTxBufferRemaining                       bssBANK1     000D6
_eusartTxHead                                  bssCOMMON    0007D
_eusartTxTail                                  bssBANK1     000D7
_flags                                         bssBANK1     000B2
_fputc                                         text8        007BA
_fputs                                         text7        00DE4
_lastTrig                                      bssBANK1     000D8
_main                                          maintext     003B5
_micros                                        bssBANK1     000A8
_micros@FR_Timer$F158                          bssBANK1     000A0
_millis                                        bssBANK1     000A4
_nout                                          bssBANK1     000AC
_pad                                           text5        006C4
_prec                                          bssBANK1     000B0
_printf                                        text1        00C82
_putch                                         text9        00BB3
_strlen                                        text6        00D6C
_ticksDown                                     bssBANK1     000CA
_ticksDown@ccp2$F877                           bssBANK1     000C4
_ticksUp                                       bssBANK1     000CC
_ticksUp@ccp2$F876                             bssBANK1     000C6
_timer1ReloadVal                               bssBANK1     000C0
_utoa                                          text4        0008D
_vfpfcnvrt                                     text3        0017C
_vfprintf                                      text2        00E3A
_width                                         bssBANK1     000AE
btemp                                          (abs)        0007E
clear_ram0                                     clrtext      00B98
end_of_initialization                          cinit        00089
fputc@c                                        cstackBANK0  00023
fputc@fp                                       cstackBANK0  00025
fputs@c                                        cstackBANK0  0002F
fputs@fp                                       cstackBANK0  0002B
fputs@i                                        cstackBANK0  00030
fputs@s                                        cstackBANK0  00032
int$flags                                      (abs)        0007E
intlevel0                                      functab      00000
intlevel1                                      functab      00000
intlevel2                                      functab      00000
intlevel3                                      functab      00000
intlevel4                                      functab      00000
intlevel5                                      functab      00000
main@currMilli                                 cstackBANK1  000E9
main@prevMilli                                 cstackBANK1  000E5
pad@buf                                        cstackBANK0  00033
pad@fp                                         cstackBANK0  0003B
pad@i                                          cstackBANK0  00037
pad@p                                          cstackBANK0  00034
pad@w                                          cstackBANK0  00039
printf@ap                                      cstackBANK1  000E0
printf@fmt                                     cstackBANK0  0006C
putch@txData                                   cstackBANK0  00022
reset_vec                                      reset_vec    00000
start                                          init         00074
start_initialization                           cinit        00076
strlen@a                                       cstackBANK0  00023
strlen@s                                       cstackBANK0  00024
utoa@d                                         cstackBANK0  0003C
utoa@fp                                        cstackBANK0  00047
utoa@i                                         cstackBANK0  00052
utoa@n                                         cstackBANK0  0004A
utoa@p                                         cstackBANK0  00045
utoa@w                                         cstackBANK0  00048
vfpfcnvrt@ap                                   cstackBANK0  00055
vfpfcnvrt@fmt                                  cstackBANK0  00054
vfpfcnvrt@fp                                   cstackBANK0  00063
vfpfcnvrt@llu                                  cstackBANK0  0005B
vfprintf@ap                                    cstackBANK0  00066
vfprintf@cfmt                                  cstackBANK0  0006A
vfprintf@fmt                                   cstackBANK0  00064
vfprintf@fp                                    cstackBANK0  00069
wtemp0                                         (abs)        0007E


MODULE INFORMATION

Module		Function		Class		Link	Load	Size
FR_Timer.c
		_FR_Timer_Init 		CODE           	0B90	0000	4
		_FR_Timer_IncMillis		CODE           	0C1E	0000	10
		_FR_Timer_GetMillis		CODE           	0C5C	0000	17
		_FR_Timer_IncMicros		CODE           	0C14	0000	10
		_FR_Timer_GetMicros		CODE           	0D87	0000	28

FR_Timer.c estimated size: 69

ccp2.c
		_CCP2_SetCallBack		CODE           	0BD5	0000	9
		_CCP2_CaptureISR		CODE           	0CAD	0000	22
		_CCP2_DefaultCallBack		CODE           	0F0F	0000	58
		_CCP2_Initialize		CODE           	0D08	0000	24

ccp2.c estimated size: 113

tmr1.c
		_TMR1_Initialize		CODE           	0D38	0000	25
		_TMR1_SetInterruptHandler		CODE           	0BCC	0000	9
		_TMR1_WriteTimer		CODE           	0C4B	0000	17
		_TMR1_ISR      		CODE           	0C28	0000	11

tmr1.c estimated size: 62

C:\Program Files\Microchip\xc8\v2.35\pic\sources\c99\common\lodiv.c
		___lodiv       		CODE           	04F2	0000	132

C:\Program Files\Microchip\xc8\v2.35\pic\sources\c99\common\lodiv.c estimated size: 132

eusart.c
		_EUSART_SetRxInterruptHandler		CODE           	0C02	0000	9
		_EUSART_SetTxInterruptHandler		CODE           	0C0B	0000	9
		_putch         		CODE           	0BB3	0000	7
		_EUSART_DefaultOverrunErrorHandler		CODE           	0B8C	0000	4
		_EUSART_Write  		CODE           	0E0D	0000	45
		_EUSART_DefaultErrorHandler		CODE           	0B88	0000	4
		_EUSART_Transmit_ISR		CODE           	0DC2	0000	34
		_EUSART_Initialize		CODE           	0774	0000	70
		_EUSART_SetFramingErrorHandler		CODE           	0BF0	0000	9
		_EUSART_SetErrorHandler		CODE           	0BE7	0000	9
		_EUSART_SetOverrunErrorHandler		CODE           	0BF9	0000	9
		_EUSART_Receive_ISR		CODE           	0F83	0000	61
		_EUSART_RxDataHandler		CODE           	0D51	0000	27
		_EUSART_DefaultFramingErrorHandler		CODE           	0003	0000	1

eusart.c estimated size: 298

C:\Program Files\Microchip\xc8\v2.35\pic\sources\c99\common\nf_fputc.c
		_fputc         		CODE           	07BA	0000	67

C:\Program Files\Microchip\xc8\v2.35\pic\sources\c99\common\nf_fputc.c estimated size: 67

PIC16Xpress_DevBoard.c
		_WritePin      		CODE           	023F	0000	187
		_ReadPin       		CODE           	045B	0000	151
		_PIC16_Init    		CODE           	0F49	0000	58
		_SetPin        		CODE           	02FA	0000	187

PIC16Xpress_DevBoard.c estimated size: 583

C:\Program Files\Microchip\xc8\v2.35\pic\sources\c99\common\__lldiv.c
		___lldiv       		CODE           	0669	0000	91

C:\Program Files\Microchip\xc8\v2.35\pic\sources\c99\common\__lldiv.c estimated size: 91

C:\Program Files\Microchip\xc8\v2.35\pic\sources\c99\common\printf.c
		_printf        		CODE           	0C82	0000	21

C:\Program Files\Microchip\xc8\v2.35\pic\sources\c99\common\printf.c estimated size: 21

JSN_Sensor.c
		_JSN_Sensor_GetDistance		CODE           	0FC0	0000	64
		_main          		CODE           	03B5	0000	166
		_JSN_Sensor_Trig		CODE           	071D	0000	87
		_JSN_Sensor_Init		CODE           	0576	0000	130
		_JSN_GetLastTrig		CODE           	07FD	0000	3
		_JSN_Library_Init		CODE           	0BA5	0000	7

JSN_Sensor.c estimated size: 457

ccp3.c
		_CCP3_SetCallBack		CODE           	0BDE	0000	9
		_CCP3_CaptureISR		CODE           	0CC3	0000	22
		_CCP3_DefaultCallBack		CODE           	0002	0000	1
		_CCP3_Initialize		CODE           	0D20	0000	24

ccp3.c estimated size: 56

ccp1.c
		_CCP1_SetCallBack		CODE           	0BC3	0000	9
		_CCP1_CaptureISR		CODE           	0C97	0000	22
		_CCP1_DefaultCallBack		CODE           	0ED5	0000	58
		_CCP1_Initialize		CODE           	0CF0	0000	24

ccp1.c estimated size: 113

tmr0.c
		_TMR0_SetInterruptHandler		CODE           	0BBA	0000	9
		_TMR0_CallBack 		CODE           	0B9E	0000	7
		_TMR0_ReadTimer		CODE           	0BAC	0000	7
		_TMR0_ISR      		CODE           	0CD9	0000	23
		_TMR0_Initialize		CODE           	0C6D	0000	21

tmr0.c estimated size: 67

C:\Program Files\Microchip\xc8\v2.35\pic\sources\c99\common\Umul32.c
		___lmul        		CODE           	0E6B	0000	52

C:\Program Files\Microchip\xc8\v2.35\pic\sources\c99\common\Umul32.c estimated size: 52

shared
		__initialization		CODE           	0076	0000	19

shared estimated size: 19

mcc.c
		_WDT_Initialize		CODE           	0B94	0000	4
		_PMD_Initialize		CODE           	0C3F	0000	12
		_OSCILLATOR_Initialize		CODE           	0C33	0000	12
		_SYSTEM_Initialize		CODE           	0DA3	0000	31

mcc.c estimated size: 59

interrupt_manager.c
		_INTERRUPT_InterruptManager		CODE           	0004	0000	112

interrupt_manager.c estimated size: 112

C:\Program Files\Microchip\xc8\v2.35\pic\sources\c99\common\strlen.c
		_strlen        		CODE           	0D6C	0000	27

C:\Program Files\Microchip\xc8\v2.35\pic\sources\c99\common\strlen.c estimated size: 27

C:\Program Files\Microchip\xc8\v2.35\pic\sources\c99\common\lomod.c
		___lomod       		CODE           	05F8	0000	113

C:\Program Files\Microchip\xc8\v2.35\pic\sources\c99\common\lomod.c estimated size: 113

pin_manager.c
		_PIN_MANAGER_Initialize		CODE           	0E9F	0000	54

pin_manager.c estimated size: 54

C:\Program Files\Microchip\xc8\v2.35\pic\sources\c99\common\nf_fputs.c
		_fputs         		CODE           	0DE4	0000	41

C:\Program Files\Microchip\xc8\v2.35\pic\sources\c99\common\nf_fputs.c estimated size: 41

C:\Program Files\Microchip\xc8\v2.35\pic\sources\c99\common\doprnt.c
		_vfpfcnvrt     		CODE           	017C	0000	195
		_pad           		CODE           	06C4	0000	89
		_vfprintf      		CODE           	0E3A	0000	49
		_utoa          		CODE           	008D	0000	239

C:\Program Files\Microchip\xc8\v2.35\pic\sources\c99\common\doprnt.c estimated size: 572

